Archive member included because of file (symbol)

c:/winavr-20100110/bin/../lib/gcc/avr/4.3.3/avr4\libgcc.a(_divmodhi4.o)
                              ./rgb_color_matcher.o (__divmodhi4)
c:/winavr-20100110/bin/../lib/gcc/avr/4.3.3/avr4\libgcc.a(_exit.o)
                              c:/winavr-20100110/bin/../lib/gcc/avr/4.3.3/../../../../avr/lib/avr4/crtm8.o (exit)
c:/winavr-20100110/bin/../lib/gcc/avr/4.3.3/avr4\libgcc.a(_copy_data.o)
                              ./rgb_color_matcher.o (__do_copy_data)
c:/winavr-20100110/bin/../lib/gcc/avr/4.3.3/avr4\libgcc.a(_clear_bss.o)
                              ./rgb_color_matcher.o (__do_clear_bss)
c:/winavr-20100110/bin/../lib/gcc/avr/4.3.3/avr4\libgcc.a(_fixunssfsi.o)
                              ./rgb_color_matcher.o (__fixunssfsi)
c:/winavr-20100110/bin/../lib/gcc/avr/4.3.3/avr4\libgcc.a(_addsub_sf.o)
                              c:/winavr-20100110/bin/../lib/gcc/avr/4.3.3/avr4\libgcc.a(_fixunssfsi.o) (__subsf3)
c:/winavr-20100110/bin/../lib/gcc/avr/4.3.3/avr4\libgcc.a(_mul_sf.o)
                              ./rgb_color_matcher.o (__mulsf3)
c:/winavr-20100110/bin/../lib/gcc/avr/4.3.3/avr4\libgcc.a(_ge_sf.o)
                              c:/winavr-20100110/bin/../lib/gcc/avr/4.3.3/avr4\libgcc.a(_fixunssfsi.o) (__gesf2)
c:/winavr-20100110/bin/../lib/gcc/avr/4.3.3/avr4\libgcc.a(_si_to_sf.o)
                              ./rgb_color_matcher.o (__floatsisf)
c:/winavr-20100110/bin/../lib/gcc/avr/4.3.3/avr4\libgcc.a(_sf_to_si.o)
                              c:/winavr-20100110/bin/../lib/gcc/avr/4.3.3/avr4\libgcc.a(_fixunssfsi.o) (__fixsfsi)
c:/winavr-20100110/bin/../lib/gcc/avr/4.3.3/avr4\libgcc.a(_thenan_sf.o)
                              c:/winavr-20100110/bin/../lib/gcc/avr/4.3.3/avr4\libgcc.a(_addsub_sf.o) (__thenan_sf)
c:/winavr-20100110/bin/../lib/gcc/avr/4.3.3/avr4\libgcc.a(_usi_to_sf.o)
                              ./rgb_color_matcher.o (__floatunsisf)
c:/winavr-20100110/bin/../lib/gcc/avr/4.3.3/avr4\libgcc.a(_udivmodhi4.o)
                              c:/winavr-20100110/bin/../lib/gcc/avr/4.3.3/avr4\libgcc.a(_divmodhi4.o) (__udivmodhi4)
c:/winavr-20100110/bin/../lib/gcc/avr/4.3.3/avr4\libgcc.a(_prologue.o)
                              c:/winavr-20100110/bin/../lib/gcc/avr/4.3.3/avr4\libgcc.a(_addsub_sf.o) (__prologue_saves__)
c:/winavr-20100110/bin/../lib/gcc/avr/4.3.3/avr4\libgcc.a(_epilogue.o)
                              c:/winavr-20100110/bin/../lib/gcc/avr/4.3.3/avr4\libgcc.a(_addsub_sf.o) (__epilogue_restores__)
c:/winavr-20100110/bin/../lib/gcc/avr/4.3.3/avr4\libgcc.a(_clzsi2.o)
                              c:/winavr-20100110/bin/../lib/gcc/avr/4.3.3/avr4\libgcc.a(_si_to_sf.o) (__clzsi2)
c:/winavr-20100110/bin/../lib/gcc/avr/4.3.3/avr4\libgcc.a(_pack_sf.o)
                              c:/winavr-20100110/bin/../lib/gcc/avr/4.3.3/avr4\libgcc.a(_addsub_sf.o) (__pack_f)
c:/winavr-20100110/bin/../lib/gcc/avr/4.3.3/avr4\libgcc.a(_unpack_sf.o)
                              c:/winavr-20100110/bin/../lib/gcc/avr/4.3.3/avr4\libgcc.a(_addsub_sf.o) (__unpack_f)
c:/winavr-20100110/bin/../lib/gcc/avr/4.3.3/avr4\libgcc.a(_fpcmp_parts_sf.o)
                              c:/winavr-20100110/bin/../lib/gcc/avr/4.3.3/avr4\libgcc.a(_ge_sf.o) (__fpcmp_parts_f)
c:/winavr-20100110/bin/../lib/gcc/avr/4.3.3/avr4\libgcc.a(_clz.o)
                              c:/winavr-20100110/bin/../lib/gcc/avr/4.3.3/avr4\libgcc.a(_clzsi2.o) (__clz_tab)
c:/winavr-20100110/bin/../lib/gcc/avr/4.3.3/../../../../avr/lib/avr4\libc.a(rand.o)
                              ./rgb_color_matcher.o (rand)
c:/winavr-20100110/bin/../lib/gcc/avr/4.3.3/../../../../avr/lib/avr4\libc.a(sqrt.o)
                              ./rgb_color_matcher.o (sqrt)
c:/winavr-20100110/bin/../lib/gcc/avr/4.3.3/../../../../avr/lib/avr4\libc.a(eerd_word_atmega8.o)
                              ./rgb_color_matcher.o (__eerd_word_m8)
c:/winavr-20100110/bin/../lib/gcc/avr/4.3.3/../../../../avr/lib/avr4\libc.a(eewr_word_atmega8.o)
                              ./rgb_color_matcher.o (__eewr_word_m8)
c:/winavr-20100110/bin/../lib/gcc/avr/4.3.3/../../../../avr/lib/avr4\libc.a(fp_mpack.o)
                              c:/winavr-20100110/bin/../lib/gcc/avr/4.3.3/../../../../avr/lib/avr4\libc.a(sqrt.o) (__fp_mpack)
c:/winavr-20100110/bin/../lib/gcc/avr/4.3.3/../../../../avr/lib/avr4\libc.a(fp_nan.o)
                              c:/winavr-20100110/bin/../lib/gcc/avr/4.3.3/../../../../avr/lib/avr4\libc.a(sqrt.o) (__fp_nan)
c:/winavr-20100110/bin/../lib/gcc/avr/4.3.3/../../../../avr/lib/avr4\libc.a(fp_norm2.o)
                              c:/winavr-20100110/bin/../lib/gcc/avr/4.3.3/../../../../avr/lib/avr4\libc.a(sqrt.o) (__fp_norm2)
c:/winavr-20100110/bin/../lib/gcc/avr/4.3.3/../../../../avr/lib/avr4\libc.a(fp_split3.o)
                              c:/winavr-20100110/bin/../lib/gcc/avr/4.3.3/../../../../avr/lib/avr4\libc.a(sqrt.o) (__fp_splitA)
c:/winavr-20100110/bin/../lib/gcc/avr/4.3.3/../../../../avr/lib/avr4\libc.a(eerd_block_atmega8.o)
                              c:/winavr-20100110/bin/../lib/gcc/avr/4.3.3/../../../../avr/lib/avr4\libc.a(eerd_word_atmega8.o) (__eerd_blraw_m8)
c:/winavr-20100110/bin/../lib/gcc/avr/4.3.3/../../../../avr/lib/avr4\libc.a(eewr_byte_atmega8.o)
                              c:/winavr-20100110/bin/../lib/gcc/avr/4.3.3/../../../../avr/lib/avr4\libc.a(eewr_word_atmega8.o) (__eewr_byte_m8)
c:/winavr-20100110/bin/../lib/gcc/avr/4.3.3/avr4\libgcc.a(_mulsi3.o)
                              c:/winavr-20100110/bin/../lib/gcc/avr/4.3.3/../../../../avr/lib/avr4\libc.a(rand.o) (__mulsi3)
c:/winavr-20100110/bin/../lib/gcc/avr/4.3.3/avr4\libgcc.a(_divmodsi4.o)
                              c:/winavr-20100110/bin/../lib/gcc/avr/4.3.3/../../../../avr/lib/avr4\libc.a(rand.o) (__divmodsi4)
c:/winavr-20100110/bin/../lib/gcc/avr/4.3.3/avr4\libgcc.a(_udivmodsi4.o)
                              c:/winavr-20100110/bin/../lib/gcc/avr/4.3.3/avr4\libgcc.a(_divmodsi4.o) (__udivmodsi4)

Allocating common symbols
Common symbol       size              file

i                   0x1               ./rgb_color_matcher.o
mBuffer             0x6               ./rgb_color_matcher.o

Memory Configuration

Name             Origin             Length             Attributes
text             0x00000000         0x00002000         xr
data             0x00800060         0x0000ffa0         rw !x
eeprom           0x00810000         0x00010000         rw !x
fuse             0x00820000         0x00000400         rw !x
lock             0x00830000         0x00000400         rw !x
signature        0x00840000         0x00000400         rw !x
*default*        0x00000000         0xffffffff

Linker script and memory map

LOAD c:/winavr-20100110/bin/../lib/gcc/avr/4.3.3/../../../../avr/lib/avr4/crtm8.o
LOAD ./rgb_color_matcher.o
LOAD c:/winavr-20100110/bin/../lib/gcc/avr/4.3.3/avr4\libgcc.a
LOAD c:/winavr-20100110/bin/../lib/gcc/avr/4.3.3/../../../../avr/lib/avr4\libc.a
LOAD c:/winavr-20100110/bin/../lib/gcc/avr/4.3.3/avr4\libgcc.a

.hash
 *(.hash)

.dynsym
 *(.dynsym)

.dynstr
 *(.dynstr)

.gnu.version
 *(.gnu.version)

.gnu.version_d
 *(.gnu.version_d)

.gnu.version_r
 *(.gnu.version_r)

.rel.init
 *(.rel.init)

.rela.init
 *(.rela.init)

.rel.text
 *(.rel.text)
 *(.rel.text.*)
 *(.rel.gnu.linkonce.t*)

.rela.text
 *(.rela.text)
 *(.rela.text.*)
 *(.rela.gnu.linkonce.t*)

.rel.fini
 *(.rel.fini)

.rela.fini
 *(.rela.fini)

.rel.rodata
 *(.rel.rodata)
 *(.rel.rodata.*)
 *(.rel.gnu.linkonce.r*)

.rela.rodata
 *(.rela.rodata)
 *(.rela.rodata.*)
 *(.rela.gnu.linkonce.r*)

.rel.data
 *(.rel.data)
 *(.rel.data.*)
 *(.rel.gnu.linkonce.d*)

.rela.data
 *(.rela.data)
 *(.rela.data.*)
 *(.rela.gnu.linkonce.d*)

.rel.ctors
 *(.rel.ctors)

.rela.ctors
 *(.rela.ctors)

.rel.dtors
 *(.rel.dtors)

.rela.dtors
 *(.rela.dtors)

.rel.got
 *(.rel.got)

.rela.got
 *(.rela.got)

.rel.bss
 *(.rel.bss)

.rela.bss
 *(.rela.bss)

.rel.plt
 *(.rel.plt)

.rela.plt
 *(.rela.plt)

.text           0x00000000     0x1252
 *(.vectors)
 .vectors       0x00000000       0x26 c:/winavr-20100110/bin/../lib/gcc/avr/4.3.3/../../../../avr/lib/avr4/crtm8.o
                0x00000000                __vectors
                0x00000000                __vector_default
 *(.vectors)
 *(.progmem.gcc*)
 *(.progmem*)
                0x00000026                . = ALIGN (0x2)
                0x00000026                __trampolines_start = .
 *(.trampolines)
 .trampolines   0x00000026        0x0 linker stubs
 *(.trampolines*)
                0x00000026                __trampolines_end = .
 *(.jumptables)
 *(.jumptables*)
 *(.lowtext)
 *(.lowtext*)
                0x00000026                __ctors_start = .
 *(.ctors)
                0x00000026                __ctors_end = .
                0x00000026                __dtors_start = .
 *(.dtors)
                0x00000026                __dtors_end = .
 SORT(*)(.ctors)
 SORT(*)(.dtors)
 *(.init0)
 .init0         0x00000026        0x0 c:/winavr-20100110/bin/../lib/gcc/avr/4.3.3/../../../../avr/lib/avr4/crtm8.o
                0x00000026                __init
 *(.init0)
 *(.init1)
 *(.init1)
 *(.init2)
 .init2         0x00000026        0xc c:/winavr-20100110/bin/../lib/gcc/avr/4.3.3/../../../../avr/lib/avr4/crtm8.o
 *(.init2)
 *(.init3)
 *(.init3)
 *(.init4)
 .init4         0x00000032       0x16 c:/winavr-20100110/bin/../lib/gcc/avr/4.3.3/avr4\libgcc.a(_copy_data.o)
                0x00000032                __do_copy_data
 .init4         0x00000048       0x10 c:/winavr-20100110/bin/../lib/gcc/avr/4.3.3/avr4\libgcc.a(_clear_bss.o)
                0x00000048                __do_clear_bss
 *(.init4)
 *(.init5)
 *(.init5)
 *(.init6)
 *(.init6)
 *(.init7)
 *(.init7)
 *(.init8)
 *(.init8)
 *(.init9)
 .init9         0x00000058        0x4 c:/winavr-20100110/bin/../lib/gcc/avr/4.3.3/../../../../avr/lib/avr4/crtm8.o
 *(.init9)
 *(.text)
 .text          0x0000005c        0x2 c:/winavr-20100110/bin/../lib/gcc/avr/4.3.3/../../../../avr/lib/avr4/crtm8.o
                0x0000005c                __vector_1
                0x0000005c                __vector_12
                0x0000005c                __bad_interrupt
                0x0000005c                __vector_6
                0x0000005c                __vector_3
                0x0000005c                __vector_11
                0x0000005c                __vector_13
                0x0000005c                __vector_17
                0x0000005c                __vector_7
                0x0000005c                __vector_5
                0x0000005c                __vector_4
                0x0000005c                __vector_2
                0x0000005c                __vector_15
                0x0000005c                __vector_8
                0x0000005c                __vector_14
                0x0000005c                __vector_10
                0x0000005c                __vector_16
                0x0000005c                __vector_18
 .text          0x0000005e      0x296 ./rgb_color_matcher.o
                0x000001fa                flashAndReset
                0x0000005e                readAdc
                0x00000076                initTimers
                0x000001b4                setAutoLeds
                0x00000236                compareValues
                0x000002b4                main
                0x000000a8                __vector_9
                0x00000098                initAdc
                0x00000194                initRand
 .text          0x000002f4        0x0 c:/winavr-20100110/bin/../lib/gcc/avr/4.3.3/avr4\libgcc.a(_divmodhi4.o)
 .text          0x000002f4        0x0 c:/winavr-20100110/bin/../lib/gcc/avr/4.3.3/avr4\libgcc.a(_exit.o)
 .text          0x000002f4        0x0 c:/winavr-20100110/bin/../lib/gcc/avr/4.3.3/avr4\libgcc.a(_copy_data.o)
 .text          0x000002f4        0x0 c:/winavr-20100110/bin/../lib/gcc/avr/4.3.3/avr4\libgcc.a(_clear_bss.o)
 .text          0x000002f4       0x50 c:/winavr-20100110/bin/../lib/gcc/avr/4.3.3/avr4\libgcc.a(_fixunssfsi.o)
                0x000002f4                __fixunssfsi
 .text          0x00000344      0x338 c:/winavr-20100110/bin/../lib/gcc/avr/4.3.3/avr4\libgcc.a(_addsub_sf.o)
                0x000005d8                __subsf3
                0x0000062e                __addsf3
 .text          0x0000067c      0x1ea c:/winavr-20100110/bin/../lib/gcc/avr/4.3.3/avr4\libgcc.a(_mul_sf.o)
                0x0000067c                __mulsf3
 .text          0x00000866       0x56 c:/winavr-20100110/bin/../lib/gcc/avr/4.3.3/avr4\libgcc.a(_ge_sf.o)
                0x00000866                __gesf2
 .text          0x000008bc       0xb4 c:/winavr-20100110/bin/../lib/gcc/avr/4.3.3/avr4\libgcc.a(_si_to_sf.o)
                0x000008bc                __floatsisf
 .text          0x00000970       0xa2 c:/winavr-20100110/bin/../lib/gcc/avr/4.3.3/avr4\libgcc.a(_sf_to_si.o)
                0x00000970                __fixsfsi
 .text          0x00000a12        0x0 c:/winavr-20100110/bin/../lib/gcc/avr/4.3.3/avr4\libgcc.a(_thenan_sf.o)
 .text          0x00000a12       0xea c:/winavr-20100110/bin/../lib/gcc/avr/4.3.3/avr4\libgcc.a(_usi_to_sf.o)
                0x00000a12                __floatunsisf
 .text          0x00000afc        0x0 c:/winavr-20100110/bin/../lib/gcc/avr/4.3.3/avr4\libgcc.a(_udivmodhi4.o)
 .text          0x00000afc        0x0 c:/winavr-20100110/bin/../lib/gcc/avr/4.3.3/avr4\libgcc.a(_prologue.o)
 .text          0x00000afc        0x0 c:/winavr-20100110/bin/../lib/gcc/avr/4.3.3/avr4\libgcc.a(_epilogue.o)
 .text          0x00000afc       0x9e c:/winavr-20100110/bin/../lib/gcc/avr/4.3.3/avr4\libgcc.a(_clzsi2.o)
                0x00000afc                __clzsi2
 .text          0x00000b9a      0x1aa c:/winavr-20100110/bin/../lib/gcc/avr/4.3.3/avr4\libgcc.a(_pack_sf.o)
                0x00000b9a                __pack_f
 .text          0x00000d44       0xf0 c:/winavr-20100110/bin/../lib/gcc/avr/4.3.3/avr4\libgcc.a(_unpack_sf.o)
                0x00000d44                __unpack_f
 .text          0x00000e34       0xb2 c:/winavr-20100110/bin/../lib/gcc/avr/4.3.3/avr4\libgcc.a(_fpcmp_parts_sf.o)
                0x00000e34                __fpcmp_parts_f
 .text          0x00000ee6        0x0 c:/winavr-20100110/bin/../lib/gcc/avr/4.3.3/avr4\libgcc.a(_clz.o)
 .text          0x00000ee6        0x0 c:/winavr-20100110/bin/../lib/gcc/avr/4.3.3/../../../../avr/lib/avr4\libc.a(rand.o)
 .text          0x00000ee6        0x0 c:/winavr-20100110/bin/../lib/gcc/avr/4.3.3/../../../../avr/lib/avr4\libc.a(sqrt.o)
 .text          0x00000ee6        0x0 c:/winavr-20100110/bin/../lib/gcc/avr/4.3.3/../../../../avr/lib/avr4\libc.a(eerd_word_atmega8.o)
 .text          0x00000ee6        0x0 c:/winavr-20100110/bin/../lib/gcc/avr/4.3.3/../../../../avr/lib/avr4\libc.a(eewr_word_atmega8.o)
 .text          0x00000ee6        0x0 c:/winavr-20100110/bin/../lib/gcc/avr/4.3.3/../../../../avr/lib/avr4\libc.a(fp_mpack.o)
 .text          0x00000ee6        0x0 c:/winavr-20100110/bin/../lib/gcc/avr/4.3.3/../../../../avr/lib/avr4\libc.a(fp_nan.o)
 .text          0x00000ee6        0x0 c:/winavr-20100110/bin/../lib/gcc/avr/4.3.3/../../../../avr/lib/avr4\libc.a(fp_norm2.o)
 .text          0x00000ee6        0x0 c:/winavr-20100110/bin/../lib/gcc/avr/4.3.3/../../../../avr/lib/avr4\libc.a(fp_split3.o)
 .text          0x00000ee6        0x0 c:/winavr-20100110/bin/../lib/gcc/avr/4.3.3/../../../../avr/lib/avr4\libc.a(eerd_block_atmega8.o)
 .text          0x00000ee6        0x0 c:/winavr-20100110/bin/../lib/gcc/avr/4.3.3/../../../../avr/lib/avr4\libc.a(eewr_byte_atmega8.o)
 .text          0x00000ee6        0x0 c:/winavr-20100110/bin/../lib/gcc/avr/4.3.3/avr4\libgcc.a(_mulsi3.o)
 .text          0x00000ee6        0x0 c:/winavr-20100110/bin/../lib/gcc/avr/4.3.3/avr4\libgcc.a(_divmodsi4.o)
 .text          0x00000ee6        0x0 c:/winavr-20100110/bin/../lib/gcc/avr/4.3.3/avr4\libgcc.a(_udivmodsi4.o)
                0x00000ee6                . = ALIGN (0x2)
 *(.text.*)
 .text.libgcc   0x00000ee6       0x26 c:/winavr-20100110/bin/../lib/gcc/avr/4.3.3/avr4\libgcc.a(_divmodhi4.o)
                0x00000ee6                __divmodhi4
                0x00000ee6                _div
 .text.libgcc   0x00000f0c        0x0 c:/winavr-20100110/bin/../lib/gcc/avr/4.3.3/avr4\libgcc.a(_exit.o)
 .text.libgcc   0x00000f0c        0x0 c:/winavr-20100110/bin/../lib/gcc/avr/4.3.3/avr4\libgcc.a(_copy_data.o)
 .text.libgcc   0x00000f0c        0x0 c:/winavr-20100110/bin/../lib/gcc/avr/4.3.3/avr4\libgcc.a(_clear_bss.o)
 .text.libgcc   0x00000f0c       0x28 c:/winavr-20100110/bin/../lib/gcc/avr/4.3.3/avr4\libgcc.a(_udivmodhi4.o)
                0x00000f0c                __udivmodhi4
 .text.libgcc   0x00000f34       0x38 c:/winavr-20100110/bin/../lib/gcc/avr/4.3.3/avr4\libgcc.a(_prologue.o)
                0x00000f34                __prologue_saves__
 .text.libgcc   0x00000f6c       0x36 c:/winavr-20100110/bin/../lib/gcc/avr/4.3.3/avr4\libgcc.a(_epilogue.o)
                0x00000f6c                __epilogue_restores__
 .text.avr-libc
                0x00000fa2       0xb2 c:/winavr-20100110/bin/../lib/gcc/avr/4.3.3/../../../../avr/lib/avr4\libc.a(rand.o)
                0x00001032                rand_r
                0x00001036                rand
                0x0000103e                srand
 .text.avr-libc.fplib
                0x00001054       0x84 c:/winavr-20100110/bin/../lib/gcc/avr/4.3.3/../../../../avr/lib/avr4\libc.a(sqrt.o)
                0x0000105c                sqrt
 .text.avr-libc
                0x000010d8        0xa c:/winavr-20100110/bin/../lib/gcc/avr/4.3.3/../../../../avr/lib/avr4\libc.a(eerd_word_atmega8.o)
                0x000010d8                __eerd_word_m8
 .text.avr-libc
                0x000010e2        0x6 c:/winavr-20100110/bin/../lib/gcc/avr/4.3.3/../../../../avr/lib/avr4\libc.a(eewr_word_atmega8.o)
                0x000010e2                __eewr_word_m8
 .text.avr-libc.fplib
                0x000010e8       0x1c c:/winavr-20100110/bin/../lib/gcc/avr/4.3.3/../../../../avr/lib/avr4\libc.a(fp_mpack.o)
                0x000010ec                __fp_mpack_finite
                0x000010e8                __fp_mpack
 .text.avr-libc.fplib
                0x00001104        0x6 c:/winavr-20100110/bin/../lib/gcc/avr/4.3.3/../../../../avr/lib/avr4\libc.a(fp_nan.o)
                0x00001104                __fp_nan
 .text.avr-libc.fplib
                0x0000110a        0xe c:/winavr-20100110/bin/../lib/gcc/avr/4.3.3/../../../../avr/lib/avr4\libc.a(fp_norm2.o)
                0x0000110a                __fp_norm2
 .text.avr-libc.fplib
                0x00001118       0x44 c:/winavr-20100110/bin/../lib/gcc/avr/4.3.3/../../../../avr/lib/avr4\libc.a(fp_split3.o)
                0x00001118                __fp_split3
                0x00001128                __fp_splitA
 .text.avr-libc
                0x0000115c       0x20 c:/winavr-20100110/bin/../lib/gcc/avr/4.3.3/../../../../avr/lib/avr4\libc.a(eerd_block_atmega8.o)
                0x00001160                __eerd_blraw_m8
                0x0000115c                __eerd_block_m8
 .text.avr-libc
                0x0000117c       0x1a c:/winavr-20100110/bin/../lib/gcc/avr/4.3.3/../../../../avr/lib/avr4\libc.a(eewr_byte_atmega8.o)
                0x0000117c                __eewr_byte_m8
                0x0000117e                __eewr_r18_m8
 .text.libgcc   0x00001196       0x3e c:/winavr-20100110/bin/../lib/gcc/avr/4.3.3/avr4\libgcc.a(_mulsi3.o)
                0x00001196                __mulsi3
 .text.libgcc   0x000011d4       0x36 c:/winavr-20100110/bin/../lib/gcc/avr/4.3.3/avr4\libgcc.a(_divmodsi4.o)
                0x000011d4                __divmodsi4
 .text.libgcc   0x0000120a       0x44 c:/winavr-20100110/bin/../lib/gcc/avr/4.3.3/avr4\libgcc.a(_udivmodsi4.o)
                0x0000120a                __udivmodsi4
                0x0000124e                . = ALIGN (0x2)
 *(.fini9)
 .fini9         0x0000124e        0x0 c:/winavr-20100110/bin/../lib/gcc/avr/4.3.3/avr4\libgcc.a(_exit.o)
                0x0000124e                exit
                0x0000124e                _exit
 *(.fini9)
 *(.fini8)
 *(.fini8)
 *(.fini7)
 *(.fini7)
 *(.fini6)
 *(.fini6)
 *(.fini5)
 *(.fini5)
 *(.fini4)
 *(.fini4)
 *(.fini3)
 *(.fini3)
 *(.fini2)
 *(.fini2)
 *(.fini1)
 *(.fini1)
 *(.fini0)
 .fini0         0x0000124e        0x4 c:/winavr-20100110/bin/../lib/gcc/avr/4.3.3/avr4\libgcc.a(_exit.o)
 *(.fini0)
                0x00001252                _etext = .

.data           0x00800060      0x10e load address 0x00001252
                0x00800060                PROVIDE (__data_start, .)
 *(.data)
 .data          0x00800060        0x0 c:/winavr-20100110/bin/../lib/gcc/avr/4.3.3/../../../../avr/lib/avr4/crtm8.o
 .data          0x00800060        0x2 ./rgb_color_matcher.o
 .data          0x00800062        0x0 c:/winavr-20100110/bin/../lib/gcc/avr/4.3.3/avr4\libgcc.a(_divmodhi4.o)
 .data          0x00800062        0x0 c:/winavr-20100110/bin/../lib/gcc/avr/4.3.3/avr4\libgcc.a(_exit.o)
 .data          0x00800062        0x0 c:/winavr-20100110/bin/../lib/gcc/avr/4.3.3/avr4\libgcc.a(_copy_data.o)
 .data          0x00800062        0x0 c:/winavr-20100110/bin/../lib/gcc/avr/4.3.3/avr4\libgcc.a(_clear_bss.o)
 .data          0x00800062        0x0 c:/winavr-20100110/bin/../lib/gcc/avr/4.3.3/avr4\libgcc.a(_fixunssfsi.o)
 .data          0x00800062        0x0 c:/winavr-20100110/bin/../lib/gcc/avr/4.3.3/avr4\libgcc.a(_addsub_sf.o)
 .data          0x00800062        0x0 c:/winavr-20100110/bin/../lib/gcc/avr/4.3.3/avr4\libgcc.a(_mul_sf.o)
 .data          0x00800062        0x0 c:/winavr-20100110/bin/../lib/gcc/avr/4.3.3/avr4\libgcc.a(_ge_sf.o)
 .data          0x00800062        0x0 c:/winavr-20100110/bin/../lib/gcc/avr/4.3.3/avr4\libgcc.a(_si_to_sf.o)
 .data          0x00800062        0x0 c:/winavr-20100110/bin/../lib/gcc/avr/4.3.3/avr4\libgcc.a(_sf_to_si.o)
 .data          0x00800062        0x8 c:/winavr-20100110/bin/../lib/gcc/avr/4.3.3/avr4\libgcc.a(_thenan_sf.o)
                0x00800062                __thenan_sf
 .data          0x0080006a        0x0 c:/winavr-20100110/bin/../lib/gcc/avr/4.3.3/avr4\libgcc.a(_usi_to_sf.o)
 .data          0x0080006a        0x0 c:/winavr-20100110/bin/../lib/gcc/avr/4.3.3/avr4\libgcc.a(_udivmodhi4.o)
 .data          0x0080006a        0x0 c:/winavr-20100110/bin/../lib/gcc/avr/4.3.3/avr4\libgcc.a(_prologue.o)
 .data          0x0080006a        0x0 c:/winavr-20100110/bin/../lib/gcc/avr/4.3.3/avr4\libgcc.a(_epilogue.o)
 .data          0x0080006a        0x0 c:/winavr-20100110/bin/../lib/gcc/avr/4.3.3/avr4\libgcc.a(_clzsi2.o)
 .data          0x0080006a        0x0 c:/winavr-20100110/bin/../lib/gcc/avr/4.3.3/avr4\libgcc.a(_pack_sf.o)
 .data          0x0080006a        0x0 c:/winavr-20100110/bin/../lib/gcc/avr/4.3.3/avr4\libgcc.a(_unpack_sf.o)
 .data          0x0080006a        0x0 c:/winavr-20100110/bin/../lib/gcc/avr/4.3.3/avr4\libgcc.a(_fpcmp_parts_sf.o)
 .data          0x0080006a      0x100 c:/winavr-20100110/bin/../lib/gcc/avr/4.3.3/avr4\libgcc.a(_clz.o)
                0x0080006a                __clz_tab
 .data          0x0080016a        0x4 c:/winavr-20100110/bin/../lib/gcc/avr/4.3.3/../../../../avr/lib/avr4\libc.a(rand.o)
 .data          0x0080016e        0x0 c:/winavr-20100110/bin/../lib/gcc/avr/4.3.3/../../../../avr/lib/avr4\libc.a(sqrt.o)
 .data          0x0080016e        0x0 c:/winavr-20100110/bin/../lib/gcc/avr/4.3.3/../../../../avr/lib/avr4\libc.a(eerd_word_atmega8.o)
 .data          0x0080016e        0x0 c:/winavr-20100110/bin/../lib/gcc/avr/4.3.3/../../../../avr/lib/avr4\libc.a(eewr_word_atmega8.o)
 .data          0x0080016e        0x0 c:/winavr-20100110/bin/../lib/gcc/avr/4.3.3/../../../../avr/lib/avr4\libc.a(fp_mpack.o)
 .data          0x0080016e        0x0 c:/winavr-20100110/bin/../lib/gcc/avr/4.3.3/../../../../avr/lib/avr4\libc.a(fp_nan.o)
 .data          0x0080016e        0x0 c:/winavr-20100110/bin/../lib/gcc/avr/4.3.3/../../../../avr/lib/avr4\libc.a(fp_norm2.o)
 .data          0x0080016e        0x0 c:/winavr-20100110/bin/../lib/gcc/avr/4.3.3/../../../../avr/lib/avr4\libc.a(fp_split3.o)
 .data          0x0080016e        0x0 c:/winavr-20100110/bin/../lib/gcc/avr/4.3.3/../../../../avr/lib/avr4\libc.a(eerd_block_atmega8.o)
 .data          0x0080016e        0x0 c:/winavr-20100110/bin/../lib/gcc/avr/4.3.3/../../../../avr/lib/avr4\libc.a(eewr_byte_atmega8.o)
 .data          0x0080016e        0x0 c:/winavr-20100110/bin/../lib/gcc/avr/4.3.3/avr4\libgcc.a(_mulsi3.o)
 .data          0x0080016e        0x0 c:/winavr-20100110/bin/../lib/gcc/avr/4.3.3/avr4\libgcc.a(_divmodsi4.o)
 .data          0x0080016e        0x0 c:/winavr-20100110/bin/../lib/gcc/avr/4.3.3/avr4\libgcc.a(_udivmodsi4.o)
 *(.data*)
 *(.rodata)
 *(.rodata*)
 *(.gnu.linkonce.d*)
                0x0080016e                . = ALIGN (0x2)
                0x0080016e                _edata = .
                0x0080016e                PROVIDE (__data_end, .)

.bss            0x0080016e        0xd
                0x0080016e                PROVIDE (__bss_start, .)
 *(.bss)
 .bss           0x0080016e        0x0 c:/winavr-20100110/bin/../lib/gcc/avr/4.3.3/../../../../avr/lib/avr4/crtm8.o
 .bss           0x0080016e        0x6 ./rgb_color_matcher.o
                0x0080016e                mUserLedLevels
                0x00800171                mAutoLedLevels
 .bss           0x00800174        0x0 c:/winavr-20100110/bin/../lib/gcc/avr/4.3.3/avr4\libgcc.a(_divmodhi4.o)
 .bss           0x00800174        0x0 c:/winavr-20100110/bin/../lib/gcc/avr/4.3.3/avr4\libgcc.a(_exit.o)
 .bss           0x00800174        0x0 c:/winavr-20100110/bin/../lib/gcc/avr/4.3.3/avr4\libgcc.a(_copy_data.o)
 .bss           0x00800174        0x0 c:/winavr-20100110/bin/../lib/gcc/avr/4.3.3/avr4\libgcc.a(_clear_bss.o)
 .bss           0x00800174        0x0 c:/winavr-20100110/bin/../lib/gcc/avr/4.3.3/avr4\libgcc.a(_fixunssfsi.o)
 .bss           0x00800174        0x0 c:/winavr-20100110/bin/../lib/gcc/avr/4.3.3/avr4\libgcc.a(_addsub_sf.o)
 .bss           0x00800174        0x0 c:/winavr-20100110/bin/../lib/gcc/avr/4.3.3/avr4\libgcc.a(_mul_sf.o)
 .bss           0x00800174        0x0 c:/winavr-20100110/bin/../lib/gcc/avr/4.3.3/avr4\libgcc.a(_ge_sf.o)
 .bss           0x00800174        0x0 c:/winavr-20100110/bin/../lib/gcc/avr/4.3.3/avr4\libgcc.a(_si_to_sf.o)
 .bss           0x00800174        0x0 c:/winavr-20100110/bin/../lib/gcc/avr/4.3.3/avr4\libgcc.a(_sf_to_si.o)
 .bss           0x00800174        0x0 c:/winavr-20100110/bin/../lib/gcc/avr/4.3.3/avr4\libgcc.a(_thenan_sf.o)
 .bss           0x00800174        0x0 c:/winavr-20100110/bin/../lib/gcc/avr/4.3.3/avr4\libgcc.a(_usi_to_sf.o)
 .bss           0x00800174        0x0 c:/winavr-20100110/bin/../lib/gcc/avr/4.3.3/avr4\libgcc.a(_udivmodhi4.o)
 .bss           0x00800174        0x0 c:/winavr-20100110/bin/../lib/gcc/avr/4.3.3/avr4\libgcc.a(_prologue.o)
 .bss           0x00800174        0x0 c:/winavr-20100110/bin/../lib/gcc/avr/4.3.3/avr4\libgcc.a(_epilogue.o)
 .bss           0x00800174        0x0 c:/winavr-20100110/bin/../lib/gcc/avr/4.3.3/avr4\libgcc.a(_clzsi2.o)
 .bss           0x00800174        0x0 c:/winavr-20100110/bin/../lib/gcc/avr/4.3.3/avr4\libgcc.a(_pack_sf.o)
 .bss           0x00800174        0x0 c:/winavr-20100110/bin/../lib/gcc/avr/4.3.3/avr4\libgcc.a(_unpack_sf.o)
 .bss           0x00800174        0x0 c:/winavr-20100110/bin/../lib/gcc/avr/4.3.3/avr4\libgcc.a(_fpcmp_parts_sf.o)
 .bss           0x00800174        0x0 c:/winavr-20100110/bin/../lib/gcc/avr/4.3.3/avr4\libgcc.a(_clz.o)
 .bss           0x00800174        0x0 c:/winavr-20100110/bin/../lib/gcc/avr/4.3.3/../../../../avr/lib/avr4\libc.a(rand.o)
 .bss           0x00800174        0x0 c:/winavr-20100110/bin/../lib/gcc/avr/4.3.3/../../../../avr/lib/avr4\libc.a(sqrt.o)
 .bss           0x00800174        0x0 c:/winavr-20100110/bin/../lib/gcc/avr/4.3.3/../../../../avr/lib/avr4\libc.a(eerd_word_atmega8.o)
 .bss           0x00800174        0x0 c:/winavr-20100110/bin/../lib/gcc/avr/4.3.3/../../../../avr/lib/avr4\libc.a(eewr_word_atmega8.o)
 .bss           0x00800174        0x0 c:/winavr-20100110/bin/../lib/gcc/avr/4.3.3/../../../../avr/lib/avr4\libc.a(fp_mpack.o)
 .bss           0x00800174        0x0 c:/winavr-20100110/bin/../lib/gcc/avr/4.3.3/../../../../avr/lib/avr4\libc.a(fp_nan.o)
 .bss           0x00800174        0x0 c:/winavr-20100110/bin/../lib/gcc/avr/4.3.3/../../../../avr/lib/avr4\libc.a(fp_norm2.o)
 .bss           0x00800174        0x0 c:/winavr-20100110/bin/../lib/gcc/avr/4.3.3/../../../../avr/lib/avr4\libc.a(fp_split3.o)
 .bss           0x00800174        0x0 c:/winavr-20100110/bin/../lib/gcc/avr/4.3.3/../../../../avr/lib/avr4\libc.a(eerd_block_atmega8.o)
 .bss           0x00800174        0x0 c:/winavr-20100110/bin/../lib/gcc/avr/4.3.3/../../../../avr/lib/avr4\libc.a(eewr_byte_atmega8.o)
 .bss           0x00800174        0x0 c:/winavr-20100110/bin/../lib/gcc/avr/4.3.3/avr4\libgcc.a(_mulsi3.o)
 .bss           0x00800174        0x0 c:/winavr-20100110/bin/../lib/gcc/avr/4.3.3/avr4\libgcc.a(_divmodsi4.o)
 .bss           0x00800174        0x0 c:/winavr-20100110/bin/../lib/gcc/avr/4.3.3/avr4\libgcc.a(_udivmodsi4.o)
 *(.bss*)
 *(COMMON)
 COMMON         0x00800174        0x7 ./rgb_color_matcher.o
                0x00800174                i
                0x00800175                mBuffer
                0x0080017b                PROVIDE (__bss_end, .)
                0x00001252                __data_load_start = LOADADDR (.data)
                0x00001360                __data_load_end = (__data_load_start + SIZEOF (.data))

.noinit         0x0080017b        0x0
                0x0080017b                PROVIDE (__noinit_start, .)
 *(.noinit*)
                0x0080017b                PROVIDE (__noinit_end, .)
                0x0080017b                _end = .
                0x0080017b                PROVIDE (__heap_start, .)

.eeprom         0x00810000        0x0
 *(.eeprom*)
                0x00810000                __eeprom_end = .

.fuse
 *(.fuse)
 *(.lfuse)
 *(.hfuse)
 *(.efuse)

.lock
 *(.lock*)

.signature
 *(.signature*)

.stab
 *(.stab)

.stabstr
 *(.stabstr)

.stab.excl
 *(.stab.excl)

.stab.exclstr
 *(.stab.exclstr)

.stab.index
 *(.stab.index)

.stab.indexstr
 *(.stab.indexstr)

.comment
 *(.comment)

.debug
 *(.debug)

.line
 *(.line)

.debug_srcinfo
 *(.debug_srcinfo)

.debug_sfnames
 *(.debug_sfnames)

.debug_aranges  0x00000000      0x160
 *(.debug_aranges)
 .debug_aranges
                0x00000000       0x20 c:/winavr-20100110/bin/../lib/gcc/avr/4.3.3/avr4\libgcc.a(_fixunssfsi.o)
 .debug_aranges
                0x00000020       0x20 c:/winavr-20100110/bin/../lib/gcc/avr/4.3.3/avr4\libgcc.a(_addsub_sf.o)
 .debug_aranges
                0x00000040       0x20 c:/winavr-20100110/bin/../lib/gcc/avr/4.3.3/avr4\libgcc.a(_mul_sf.o)
 .debug_aranges
                0x00000060       0x20 c:/winavr-20100110/bin/../lib/gcc/avr/4.3.3/avr4\libgcc.a(_ge_sf.o)
 .debug_aranges
                0x00000080       0x20 c:/winavr-20100110/bin/../lib/gcc/avr/4.3.3/avr4\libgcc.a(_si_to_sf.o)
 .debug_aranges
                0x000000a0       0x20 c:/winavr-20100110/bin/../lib/gcc/avr/4.3.3/avr4\libgcc.a(_sf_to_si.o)
 .debug_aranges
                0x000000c0       0x20 c:/winavr-20100110/bin/../lib/gcc/avr/4.3.3/avr4\libgcc.a(_usi_to_sf.o)
 .debug_aranges
                0x000000e0       0x20 c:/winavr-20100110/bin/../lib/gcc/avr/4.3.3/avr4\libgcc.a(_clzsi2.o)
 .debug_aranges
                0x00000100       0x20 c:/winavr-20100110/bin/../lib/gcc/avr/4.3.3/avr4\libgcc.a(_pack_sf.o)
 .debug_aranges
                0x00000120       0x20 c:/winavr-20100110/bin/../lib/gcc/avr/4.3.3/avr4\libgcc.a(_unpack_sf.o)
 .debug_aranges
                0x00000140       0x20 c:/winavr-20100110/bin/../lib/gcc/avr/4.3.3/avr4\libgcc.a(_fpcmp_parts_sf.o)

.debug_pubnames
                0x00000000      0x1b9
 *(.debug_pubnames)
 .debug_pubnames
                0x00000000       0x23 c:/winavr-20100110/bin/../lib/gcc/avr/4.3.3/avr4\libgcc.a(_fixunssfsi.o)
 .debug_pubnames
                0x00000023       0x2c c:/winavr-20100110/bin/../lib/gcc/avr/4.3.3/avr4\libgcc.a(_addsub_sf.o)
 .debug_pubnames
                0x0000004f       0x1f c:/winavr-20100110/bin/../lib/gcc/avr/4.3.3/avr4\libgcc.a(_mul_sf.o)
 .debug_pubnames
                0x0000006e       0x1e c:/winavr-20100110/bin/../lib/gcc/avr/4.3.3/avr4\libgcc.a(_ge_sf.o)
 .debug_pubnames
                0x0000008c       0x22 c:/winavr-20100110/bin/../lib/gcc/avr/4.3.3/avr4\libgcc.a(_si_to_sf.o)
 .debug_pubnames
                0x000000ae       0x20 c:/winavr-20100110/bin/../lib/gcc/avr/4.3.3/avr4\libgcc.a(_sf_to_si.o)
 .debug_pubnames
                0x000000ce       0x22 c:/winavr-20100110/bin/../lib/gcc/avr/4.3.3/avr4\libgcc.a(_thenan_sf.o)
 .debug_pubnames
                0x000000f0       0x24 c:/winavr-20100110/bin/../lib/gcc/avr/4.3.3/avr4\libgcc.a(_usi_to_sf.o)
 .debug_pubnames
                0x00000114       0x1f c:/winavr-20100110/bin/../lib/gcc/avr/4.3.3/avr4\libgcc.a(_clzsi2.o)
 .debug_pubnames
                0x00000133       0x1f c:/winavr-20100110/bin/../lib/gcc/avr/4.3.3/avr4\libgcc.a(_pack_sf.o)
 .debug_pubnames
                0x00000152       0x21 c:/winavr-20100110/bin/../lib/gcc/avr/4.3.3/avr4\libgcc.a(_unpack_sf.o)
 .debug_pubnames
                0x00000173       0x26 c:/winavr-20100110/bin/../lib/gcc/avr/4.3.3/avr4\libgcc.a(_fpcmp_parts_sf.o)
 .debug_pubnames
                0x00000199       0x20 c:/winavr-20100110/bin/../lib/gcc/avr/4.3.3/avr4\libgcc.a(_clz.o)

.debug_info     0x00000000     0x1d18
 *(.debug_info)
 .debug_info    0x00000000       0xb1 c:/winavr-20100110/bin/../lib/gcc/avr/4.3.3/avr4\libgcc.a(_fixunssfsi.o)
 .debug_info    0x000000b1      0x47a c:/winavr-20100110/bin/../lib/gcc/avr/4.3.3/avr4\libgcc.a(_addsub_sf.o)
 .debug_info    0x0000052b      0x485 c:/winavr-20100110/bin/../lib/gcc/avr/4.3.3/avr4\libgcc.a(_mul_sf.o)
 .debug_info    0x000009b0      0x27f c:/winavr-20100110/bin/../lib/gcc/avr/4.3.3/avr4\libgcc.a(_ge_sf.o)
 .debug_info    0x00000c2f      0x207 c:/winavr-20100110/bin/../lib/gcc/avr/4.3.3/avr4\libgcc.a(_si_to_sf.o)
 .debug_info    0x00000e36      0x2b0 c:/winavr-20100110/bin/../lib/gcc/avr/4.3.3/avr4\libgcc.a(_sf_to_si.o)
 .debug_info    0x000010e6      0x12c c:/winavr-20100110/bin/../lib/gcc/avr/4.3.3/avr4\libgcc.a(_thenan_sf.o)
 .debug_info    0x00001212      0x206 c:/winavr-20100110/bin/../lib/gcc/avr/4.3.3/avr4\libgcc.a(_usi_to_sf.o)
 .debug_info    0x00001418      0x117 c:/winavr-20100110/bin/../lib/gcc/avr/4.3.3/avr4\libgcc.a(_clzsi2.o)
 .debug_info    0x0000152f      0x2df c:/winavr-20100110/bin/../lib/gcc/avr/4.3.3/avr4\libgcc.a(_pack_sf.o)
 .debug_info    0x0000180e      0x251 c:/winavr-20100110/bin/../lib/gcc/avr/4.3.3/avr4\libgcc.a(_unpack_sf.o)
 .debug_info    0x00001a5f      0x210 c:/winavr-20100110/bin/../lib/gcc/avr/4.3.3/avr4\libgcc.a(_fpcmp_parts_sf.o)
 .debug_info    0x00001c6f       0xa9 c:/winavr-20100110/bin/../lib/gcc/avr/4.3.3/avr4\libgcc.a(_clz.o)
 *(.gnu.linkonce.wi.*)

.debug_abbrev   0x00000000     0x1004
 *(.debug_abbrev)
 .debug_abbrev  0x00000000       0x5d c:/winavr-20100110/bin/../lib/gcc/avr/4.3.3/avr4\libgcc.a(_fixunssfsi.o)
 .debug_abbrev  0x0000005d      0x1ea c:/winavr-20100110/bin/../lib/gcc/avr/4.3.3/avr4\libgcc.a(_addsub_sf.o)
 .debug_abbrev  0x00000247      0x21b c:/winavr-20100110/bin/../lib/gcc/avr/4.3.3/avr4\libgcc.a(_mul_sf.o)
 .debug_abbrev  0x00000462      0x15a c:/winavr-20100110/bin/../lib/gcc/avr/4.3.3/avr4\libgcc.a(_ge_sf.o)
 .debug_abbrev  0x000005bc      0x148 c:/winavr-20100110/bin/../lib/gcc/avr/4.3.3/avr4\libgcc.a(_si_to_sf.o)
 .debug_abbrev  0x00000704      0x17f c:/winavr-20100110/bin/../lib/gcc/avr/4.3.3/avr4\libgcc.a(_sf_to_si.o)
 .debug_abbrev  0x00000883       0xad c:/winavr-20100110/bin/../lib/gcc/avr/4.3.3/avr4\libgcc.a(_thenan_sf.o)
 .debug_abbrev  0x00000930      0x157 c:/winavr-20100110/bin/../lib/gcc/avr/4.3.3/avr4\libgcc.a(_usi_to_sf.o)
 .debug_abbrev  0x00000a87       0xc4 c:/winavr-20100110/bin/../lib/gcc/avr/4.3.3/avr4\libgcc.a(_clzsi2.o)
 .debug_abbrev  0x00000b4b      0x1c0 c:/winavr-20100110/bin/../lib/gcc/avr/4.3.3/avr4\libgcc.a(_pack_sf.o)
 .debug_abbrev  0x00000d0b      0x154 c:/winavr-20100110/bin/../lib/gcc/avr/4.3.3/avr4\libgcc.a(_unpack_sf.o)
 .debug_abbrev  0x00000e5f      0x13b c:/winavr-20100110/bin/../lib/gcc/avr/4.3.3/avr4\libgcc.a(_fpcmp_parts_sf.o)
 .debug_abbrev  0x00000f9a       0x6a c:/winavr-20100110/bin/../lib/gcc/avr/4.3.3/avr4\libgcc.a(_clz.o)

.debug_line     0x00000000      0xf90
 *(.debug_line)
 .debug_line    0x00000000       0xa7 c:/winavr-20100110/bin/../lib/gcc/avr/4.3.3/avr4\libgcc.a(_fixunssfsi.o)
 .debug_line    0x000000a7      0x2af c:/winavr-20100110/bin/../lib/gcc/avr/4.3.3/avr4\libgcc.a(_addsub_sf.o)
 .debug_line    0x00000356      0x239 c:/winavr-20100110/bin/../lib/gcc/avr/4.3.3/avr4\libgcc.a(_mul_sf.o)
 .debug_line    0x0000058f       0xd3 c:/winavr-20100110/bin/../lib/gcc/avr/4.3.3/avr4\libgcc.a(_ge_sf.o)
 .debug_line    0x00000662      0x135 c:/winavr-20100110/bin/../lib/gcc/avr/4.3.3/avr4\libgcc.a(_si_to_sf.o)
 .debug_line    0x00000797      0x109 c:/winavr-20100110/bin/../lib/gcc/avr/4.3.3/avr4\libgcc.a(_sf_to_si.o)
 .debug_line    0x000008a0       0x90 c:/winavr-20100110/bin/../lib/gcc/avr/4.3.3/avr4\libgcc.a(_thenan_sf.o)
 .debug_line    0x00000930      0x133 c:/winavr-20100110/bin/../lib/gcc/avr/4.3.3/avr4\libgcc.a(_usi_to_sf.o)
 .debug_line    0x00000a63       0xa5 c:/winavr-20100110/bin/../lib/gcc/avr/4.3.3/avr4\libgcc.a(_clzsi2.o)
 .debug_line    0x00000b08      0x18a c:/winavr-20100110/bin/../lib/gcc/avr/4.3.3/avr4\libgcc.a(_pack_sf.o)
 .debug_line    0x00000c92      0x14b c:/winavr-20100110/bin/../lib/gcc/avr/4.3.3/avr4\libgcc.a(_unpack_sf.o)
 .debug_line    0x00000ddd      0x137 c:/winavr-20100110/bin/../lib/gcc/avr/4.3.3/avr4\libgcc.a(_fpcmp_parts_sf.o)
 .debug_line    0x00000f14       0x7c c:/winavr-20100110/bin/../lib/gcc/avr/4.3.3/avr4\libgcc.a(_clz.o)

.debug_frame    0x00000000      0x180
 *(.debug_frame)
 .debug_frame   0x00000000       0x20 c:/winavr-20100110/bin/../lib/gcc/avr/4.3.3/avr4\libgcc.a(_fixunssfsi.o)
 .debug_frame   0x00000020       0x40 c:/winavr-20100110/bin/../lib/gcc/avr/4.3.3/avr4\libgcc.a(_addsub_sf.o)
 .debug_frame   0x00000060       0x20 c:/winavr-20100110/bin/../lib/gcc/avr/4.3.3/avr4\libgcc.a(_mul_sf.o)
 .debug_frame   0x00000080       0x20 c:/winavr-20100110/bin/../lib/gcc/avr/4.3.3/avr4\libgcc.a(_ge_sf.o)
 .debug_frame   0x000000a0       0x20 c:/winavr-20100110/bin/../lib/gcc/avr/4.3.3/avr4\libgcc.a(_si_to_sf.o)
 .debug_frame   0x000000c0       0x20 c:/winavr-20100110/bin/../lib/gcc/avr/4.3.3/avr4\libgcc.a(_sf_to_si.o)
 .debug_frame   0x000000e0       0x20 c:/winavr-20100110/bin/../lib/gcc/avr/4.3.3/avr4\libgcc.a(_usi_to_sf.o)
 .debug_frame   0x00000100       0x20 c:/winavr-20100110/bin/../lib/gcc/avr/4.3.3/avr4\libgcc.a(_clzsi2.o)
 .debug_frame   0x00000120       0x20 c:/winavr-20100110/bin/../lib/gcc/avr/4.3.3/avr4\libgcc.a(_pack_sf.o)
 .debug_frame   0x00000140       0x20 c:/winavr-20100110/bin/../lib/gcc/avr/4.3.3/avr4\libgcc.a(_unpack_sf.o)
 .debug_frame   0x00000160       0x20 c:/winavr-20100110/bin/../lib/gcc/avr/4.3.3/avr4\libgcc.a(_fpcmp_parts_sf.o)

.debug_str      0x00000000      0x2c2
 *(.debug_str)
 .debug_str     0x00000000       0xbf c:/winavr-20100110/bin/../lib/gcc/avr/4.3.3/avr4\libgcc.a(_fixunssfsi.o)
                                 0xfe (size before relaxing)
 .debug_str     0x000000bf      0x14d c:/winavr-20100110/bin/../lib/gcc/avr/4.3.3/avr4\libgcc.a(_addsub_sf.o)
                                0x206 (size before relaxing)
 .debug_str     0x0000020c       0x27 c:/winavr-20100110/bin/../lib/gcc/avr/4.3.3/avr4\libgcc.a(_mul_sf.o)
                                0x1bf (size before relaxing)
 .debug_str     0x00000233        0x8 c:/winavr-20100110/bin/../lib/gcc/avr/4.3.3/avr4\libgcc.a(_ge_sf.o)
                                0x195 (size before relaxing)
 .debug_str     0x0000023b       0x1e c:/winavr-20100110/bin/../lib/gcc/avr/4.3.3/avr4\libgcc.a(_si_to_sf.o)
                                0x17b (size before relaxing)
 .debug_str     0x00000259        0xa c:/winavr-20100110/bin/../lib/gcc/avr/4.3.3/avr4\libgcc.a(_sf_to_si.o)
                                0x19e (size before relaxing)
 .debug_str     0x00000000      0x103 c:/winavr-20100110/bin/../lib/gcc/avr/4.3.3/avr4\libgcc.a(_thenan_sf.o)
 .debug_str     0x00000263       0x14 c:/winavr-20100110/bin/../lib/gcc/avr/4.3.3/avr4\libgcc.a(_usi_to_sf.o)
                                0x177 (size before relaxing)
 .debug_str     0x00000277       0x20 c:/winavr-20100110/bin/../lib/gcc/avr/4.3.3/avr4\libgcc.a(_clzsi2.o)
                                0x111 (size before relaxing)
 .debug_str     0x00000297       0x10 c:/winavr-20100110/bin/../lib/gcc/avr/4.3.3/avr4\libgcc.a(_pack_sf.o)
                                0x19d (size before relaxing)
 .debug_str     0x000002a7        0xb c:/winavr-20100110/bin/../lib/gcc/avr/4.3.3/avr4\libgcc.a(_unpack_sf.o)
                                0x17f (size before relaxing)
 .debug_str     0x000002b2       0x10 c:/winavr-20100110/bin/../lib/gcc/avr/4.3.3/avr4\libgcc.a(_fpcmp_parts_sf.o)
                                0x163 (size before relaxing)
 .debug_str     0x00000000       0xf4 c:/winavr-20100110/bin/../lib/gcc/avr/4.3.3/avr4\libgcc.a(_clz.o)

.debug_loc      0x00000000      0x8e2
 *(.debug_loc)
 .debug_loc     0x00000000       0x34 c:/winavr-20100110/bin/../lib/gcc/avr/4.3.3/avr4\libgcc.a(_fixunssfsi.o)
 .debug_loc     0x00000034      0x32a c:/winavr-20100110/bin/../lib/gcc/avr/4.3.3/avr4\libgcc.a(_addsub_sf.o)
 .debug_loc     0x0000035e      0x104 c:/winavr-20100110/bin/../lib/gcc/avr/4.3.3/avr4\libgcc.a(_mul_sf.o)
 .debug_loc     0x00000462       0x3c c:/winavr-20100110/bin/../lib/gcc/avr/4.3.3/avr4\libgcc.a(_ge_sf.o)
 .debug_loc     0x0000049e       0xac c:/winavr-20100110/bin/../lib/gcc/avr/4.3.3/avr4\libgcc.a(_si_to_sf.o)
 .debug_loc     0x0000054a       0x7e c:/winavr-20100110/bin/../lib/gcc/avr/4.3.3/avr4\libgcc.a(_sf_to_si.o)
 .debug_loc     0x000005c8       0x4c c:/winavr-20100110/bin/../lib/gcc/avr/4.3.3/avr4\libgcc.a(_usi_to_sf.o)
 .debug_loc     0x00000614       0x94 c:/winavr-20100110/bin/../lib/gcc/avr/4.3.3/avr4\libgcc.a(_clzsi2.o)
 .debug_loc     0x000006a8      0x13e c:/winavr-20100110/bin/../lib/gcc/avr/4.3.3/avr4\libgcc.a(_pack_sf.o)
 .debug_loc     0x000007e6       0xac c:/winavr-20100110/bin/../lib/gcc/avr/4.3.3/avr4\libgcc.a(_unpack_sf.o)
 .debug_loc     0x00000892       0x50 c:/winavr-20100110/bin/../lib/gcc/avr/4.3.3/avr4\libgcc.a(_fpcmp_parts_sf.o)

.debug_macinfo
 *(.debug_macinfo)
OUTPUT(rgb_color_matcher.elf elf32-avr)
LOAD linker stubs

.debug_ranges   0x00000000       0x50
 .debug_ranges  0x00000000       0x50 c:/winavr-20100110/bin/../lib/gcc/avr/4.3.3/avr4\libgcc.a(_mul_sf.o)
